// Jest Snapshot v1, https://goo.gl/fbAQLP

exports[`<Login /> should render the heading 1`] = `
.c0 {
  font-size: 50px;
  color: #ff0000;
}

<h1
  class="c0"
>
  Home
</h1>
`;
